// Jest Snapshot v1, https://goo.gl/fbAQLP

exports[`GIVEN: DetailPage THEN: should match snapshot 1`] = `
<div
  className="loading"
>
  <img
    alt="loading"
    src="pokeball.png"
  />
</div>
`;
