// Jest Snapshot v1, https://goo.gl/fbAQLP

exports[`WHEN: Badge THEN: should match snapshot 1`] = `
<div
  className="badge"
  style={
    Object {
      "border": "1px solid #729f3f",
      "borderLeft": "9px solid #729f3f",
    }
  }
>
  bug
</div>
`;
