// Jest Snapshot v1, https://goo.gl/fbAQLP

exports[`WHEN: PokemonList with no pokemons THEN: should match snapshot 1`] = `
Array [
  <div
    className="navbar"
  >
    <a
      className="logo-container"
      href="/"
      onClick={[Function]}
    >
      <img
        alt="logo"
        className="logo"
        src="pokemon-logo.png"
      />
    </a>
  </div>,
  <div
    className="loading"
  >
    <img
      alt="loading"
      src="pokeball.png"
    />
  </div>,
]
`;
